{
    "language": "zh-tw",
    "type": "advance",
    "version": {
        "atk": "v265",
        "intent": "1.0"
    },
    "user_defined": {
        "term_Noun": [
            "遠距離",
            "另一半",
            "男友",
            "女友",
            "伴侶",
            "老媽子",
            "三觀"
        ],
        "term_idiom": [
            "管東管西",
            "斤斤計較",
            "口出狂言",
            "背道而馳",
            "心不在焉"
        ],
        "term_modifier": [
            "囉嗦",
            "囉囉嗦嗦"
        ]
    },
    "utterance": {
        "男友一點都不在乎我": {
            "id": "659da11c-e56a-4342-b6a9-66a41a435505",
            "pos": "<ENTITY_noun>男友</ENTITY_noun><TIME_justtime>一點</TIME_justtime><QUANTIFIER>都</QUANTIFIER><FUNC_negation>不</FUNC_negation><ACTION_verb>在乎</ACTION_verb><ENTITY_pronoun>我</ENTITY_pronoun>",
            "lexy": [
                "(?<!</FUNC_negation>)<(ACTION_verb|VerbP)>(在乎|在意|介意|服氣|屑|曉得|爭氣|怕死|想問|記得了|看重)</(ACTION_verb|VerbP)>"
            ],
            "pattern": "<(UserDefined|ENTITY_(nounHead|nouny|noun|oov))>男友</(UserDefined|ENTITY_(nounHead|nouny|noun|oov))>(<TIME_(holiday|justtime|day|week|month|season|year|decade)>[^<]+</TIME_(holiday|justtime|day|week|month|season|year|decade)>){1,10}(<QUANTIFIER>[^<]+</QUANTIFIER>)?<FUNC_negation>[^<]+</FUNC_negation><(ACTION_verb|VerbP)>在乎</(ACTION_verb|VerbP)>(<ENTITY_pronoun>[^<]+</ENTITY_pronoun>)?"
        }
    },
    "alias": {},
    "prompt": {},
    "document": []
}