{
    "language": "zh-tw",
    "type": "basic",
    "version": {
        "atk": "v254",
        "intent": "1.0"
    },
    "user_defined": {
        "money": [
            "總金額",
            "金錢",
            "錢",
            "支出總額",
            "支出費用",
            ""
        ],
        "search": [
            "查詢",
            "查"
        ]
    },
    "utterance": {
        "查詢總金額": {
            "id": "0d0cfad5-ce83-489a-b7df-880571969a5d",
            "argument": [
                {
                    "pos": "UserDefined",
                    "text": "查詢",
                    "checked": true,
                    "checkbox": true
                },
                {
                    "pos": "UserDefined",
                    "text": "總金額",
                    "checked": true,
                    "checkbox": true
                }
            ]
        }
    }
}